// Jest Snapshot v1, https://goo.gl/fbAQLP

exports[`Компонент Checkbox Snapshot Checkbox 1`] = `
<label
  class="item"
>
  <input
    class="custom"
    type="checkbox"
  />
   
  <span />
</label>
`;
