// Jest Snapshot v1, https://goo.gl/fbAQLP

exports[`Компонент Delete Delete snapshot 1`] = `
<div
  class="delete"
>
  ✖
</div>
`;
